reused_development single_room 2401 not_qualified [0, 0, 0, 0] 6 0 -> 6 0 0
reused_development single_room 2411 not_qualified [2, 2, 1, 2] 6 0 -> 6 0 0
reused_development dual_room 2401 source_model_ambiguous [3, 4, 4, 4] 6 2 -> 0 0 6
reused_development dual_room 2411 source_model_ambiguous [4, 4, 4, 4] 6 3 -> 0 0 6
reused_development near_reflector 2401 not_qualified [4, 4, 4, 0] 7 0 -> 7 0 0
reused_development near_reflector 2411 not_qualified [2, 3, 1, 0] 7 0 -> 7 0 0
reused_development direct_null 2401 not_qualified [2, 2, 1, 1] 0 0 -> 0 0 0
reused_development direct_null 2411 not_qualified [2, 2, 4, 2] 0 0 -> 0 0 0
reused_development receiver_filter 2401 not_qualified [2, 3, 3, 3] 6 0 -> 6 0 0
reused_development receiver_filter 2411 not_qualified [2, 1, 3, 2] 6 0 -> 6 0 0
reused_development dual_phase 2401 source_model_ambiguous [4, 4, 4, 4] 0 0 -> 0 0 6
reused_development dual_phase 2411 source_model_ambiguous [4, 4, 4, 4] 6 4 -> 0 0 6
fresh_development single_room 2423 not_qualified [0, 0, 1, 0] 6 0 -> 6 0 0
fresh_development single_room 2437 not_qualified [1, 0, 1, 1] 6 0 -> 6 0 0
fresh_development dual_room 2423 source_model_ambiguous [4, 4, 4, 4] 6 3 -> 0 0 6
fresh_development dual_room 2437 source_model_ambiguous [4, 4, 3, 4] 6 3 -> 0 0 6
fresh_development near_reflector 2423 not_qualified [2, 3, 4, 1] 7 0 -> 7 0 0
fresh_development near_reflector 2437 not_qualified [4, 4, 3, 0] 7 0 -> 7 0 0
fresh_development direct_null 2423 not_qualified [0, 1, 1, 0] 0 0 -> 0 0 0
fresh_development direct_null 2437 not_qualified [1, 0, 1, 1] 0 0 -> 0 0 0
fresh_development receiver_filter 2423 not_qualified [1, 0, 1, 0] 6 0 -> 6 0 0
fresh_development receiver_filter 2437 not_qualified [2, 2, 3, 2] 6 0 -> 6 0 0
fresh_development dual_phase 2423 source_model_ambiguous [4, 4, 4, 4] 6 3 -> 0 0 6
fresh_development dual_phase 2437 source_model_ambiguous [4, 4, 4, 4] 6 4 -> 0 0 6
